[debug] [2026-08-02T14:34:10.353Z] ----------------------------------------------------------------------
[debug] [2026-08-02T14:34:10.356Z] Command:       C:\Program Files\nodejs\node.exe C:\Users\admin\AppData\Local\npm-cache\_npx\7750544ccf494d8b\node_modules\firebase-tools\lib\bin\firebase.js deploy --only firestore:rules --project georgiatripsge
[debug] [2026-08-02T14:34:10.357Z] CLI Version:   15.25.1
[debug] [2026-08-02T14:34:10.357Z] Platform:      win32
[debug] [2026-08-02T14:34:10.357Z] Node Version:  v24.15.0
[debug] [2026-08-02T14:34:10.357Z] Detected Agent: codex_cli
[debug] [2026-08-02T14:34:10.358Z] Time:          Sun Aug 02 2026 18:34:10 GMT+0400 (Georgia Standard Time)
[debug] [2026-08-02T14:34:10.358Z] ----------------------------------------------------------------------
[debug] 
[debug] [2026-08-02T14:34:10.374Z] >>> [apiv2][query] GET https://firebase-public.firebaseio.com/cli.json [none]
[debug] [2026-08-02T14:34:16.843Z] > command requires scopes: ["email","openid","https://www.googleapis.com/auth/cloudplatformprojects.readonly","https://www.googleapis.com/auth/firebase","https://www.googleapis.com/auth/cloud-platform"]
[debug] [2026-08-02T14:34:16.873Z] Error: Could not load the default credentials. Browse to https://cloud.google.com/docs/authentication/getting-started for more information.
    at GoogleAuth.getApplicationDefaultAsync (C:\Users\admin\AppData\Local\npm-cache\_npx\7750544ccf494d8b\node_modules\google-auth-library\build\src\auth\googleauth.js:287:15)
    at process.processTicksAndRejections (node:internal/process/task_queues:104:5)
    at async GoogleAuth._GoogleAuth_determineClient (C:\Users\admin\AppData\Local\npm-cache\_npx\7750544ccf494d8b\node_modules\google-auth-library\build\src\auth\googleauth.js:834:32)
    at async GoogleAuth.getClient (C:\Users\admin\AppData\Local\npm-cache\_npx\7750544ccf494d8b\node_modules\google-auth-library\build\src\auth\googleauth.js:698:20)
    at async GoogleAuth.getAccessToken (C:\Users\admin\AppData\Local\npm-cache\_npx\7750544ccf494d8b\node_modules\google-auth-library\build\src\auth\googleauth.js:722:24)
    at async autoAuth (C:\Users\admin\AppData\Local\npm-cache\_npx\7750544ccf494d8b\node_modules\firebase-tools\lib\requireAuth.js:38:19)
    at async requireAuth (C:\Users\admin\AppData\Local\npm-cache\_npx\7750544ccf494d8b\node_modules\firebase-tools\lib\requireAuth.js:100:20)
    at async requirePermissions (C:\Users\admin\AppData\Local\npm-cache\_npx\7750544ccf494d8b\node_modules\firebase-tools\lib\requirePermissions.js:17:5)
    at async C:\Users\admin\AppData\Local\npm-cache\_npx\7750544ccf494d8b\node_modules\firebase-tools\lib\command.js:275:17
[error] 
[error] Error: Failed to authenticate, have you run firebase login?
